[07:27:48] ==========================================================================
[07:27:48] bonsai_growth.py | blender 5.2.1 LTS
[07:27:48] skeleton=C:\aha\ascii art\public\skeleton-42.json
[07:27:48] out=C:\aha\ascii art\public\frames res=900x1200 samples=48 format=JPEG
[07:27:48] frames=600 rendering 600 frame(s): [0, 1, 2, 3, 4, 5] ...
[07:27:48] skeleton seed=42 segments=512 chains=180 leafCards=3024 blossomSites=482 steps=512
[07:27:48] camera FIXED at (0.267802, -3.321643, 0.587824) rot=(86.0, -0.0, 4.0) lens=85.0mm
[07:27:48] framing frame_w=0.7068 frame_h=0.9425  pot_rim_v=0.9000 canopy_top_v=0.4500 ground_v=0.8767  (v = fraction down from top of frame; M3 alignment uses these)
[07:27:48] side margins: t=1 content spans u=0.1433..0.8567 (need >= 0.12 .. <= 0.88); floor meets frame bottom at y=-0.1441
[07:27:57] frame 0000/0599 t=0.00000   9.09s  elapsed=    9.1s  eta= 5445.8s  -> frame_0000
[07:28:04] frame 0001/0599 t=0.00167   6.46s  elapsed=   15.6s  eta= 4651.2s  -> frame_0001
[07:28:10] frame 0002/0599 t=0.00334   5.94s  elapsed=   21.5s  eta= 4278.6s  -> frame_0002
[07:28:15] frame 0003/0599 t=0.00501   5.68s  elapsed=   27.2s  eta= 4049.7s  -> frame_0003
[07:28:22] frame 0004/0599 t=0.00668   6.95s  elapsed=   34.1s  eta= 4061.7s  -> frame_0004
[07:28:28] frame 0005/0599 t=0.00835   5.93s  elapsed=   40.1s  eta= 3966.0s  -> frame_0005
[07:28:35] frame 0006/0599 t=0.01002   6.66s  elapsed=   46.7s  eta= 3958.1s  -> frame_0006
[07:28:42] frame 0007/0599 t=0.01169   7.00s  elapsed=   53.7s  eta= 3976.0s  -> frame_0007
[07:28:50] frame 0008/0599 t=0.01336   8.42s  elapsed=   62.1s  eta= 4081.2s  -> frame_0008
[07:28:57] frame 0009/0599 t=0.01503   7.19s  elapsed=   69.3s  eta= 4091.1s  -> frame_0009
[07:29:04] frame 0010/0599 t=0.01669   6.54s  elapsed=   75.9s  eta= 4063.1s  -> frame_0010
[07:29:11] frame 0011/0599 t=0.01836   7.00s  elapsed=   82.9s  eta= 4061.5s  -> frame_0011
[07:29:18] frame 0012/0599 t=0.02003   7.05s  elapsed=   89.9s  eta= 4061.0s  -> frame_0012
[07:29:25] frame 0013/0599 t=0.02170   6.70s  elapsed=   96.6s  eta= 4045.1s  -> frame_0013
[07:29:31] frame 0014/0599 t=0.02337   6.60s  elapsed=  103.2s  eta= 4026.6s  -> frame_0014
[07:29:39] frame 0015/0599 t=0.02504   7.16s  elapsed=  110.4s  eta= 4030.1s  -> frame_0015
[07:29:46] frame 0016/0599 t=0.02671   7.01s  elapsed=  117.4s  eta= 4027.2s  -> frame_0016
[07:29:52] frame 0017/0599 t=0.02838   6.71s  elapsed=  124.1s  eta= 4013.9s  -> frame_0017
[07:29:59] frame 0018/0599 t=0.03005   6.98s  elapsed=  131.1s  eta= 4009.6s  -> frame_0018
[07:30:06] frame 0019/0599 t=0.03172   7.07s  elapsed=  138.2s  eta= 4007.7s  -> frame_0019
[07:30:16] frame 0020/0599 t=0.03339   9.70s  elapsed=  147.9s  eta= 4077.7s  -> frame_0020
[07:30:24] frame 0021/0599 t=0.03506   7.75s  elapsed=  155.6s  eta= 4089.3s  -> frame_0021
[07:30:31] frame 0022/0599 t=0.03673   6.97s  elapsed=  162.6s  eta= 4079.6s  -> frame_0022
[07:30:38] frame 0023/0599 t=0.03840   7.16s  elapsed=  169.8s  eta= 4074.7s  -> frame_0023
[07:30:45] frame 0024/0599 t=0.04007   7.33s  elapsed=  177.1s  eta= 4073.5s  -> frame_0024
[07:30:52] frame 0025/0599 t=0.04174   6.44s  elapsed=  183.6s  eta= 4052.4s  -> frame_0025
[07:30:58] frame 0026/0599 t=0.04341   6.61s  elapsed=  190.2s  eta= 4035.8s  -> frame_0026
[07:31:05] frame 0027/0599 t=0.04508   6.89s  elapsed=  197.1s  eta= 4025.8s  -> frame_0027
[07:31:13] frame 0028/0599 t=0.04674   7.96s  elapsed=  205.0s  eta= 4036.9s  -> frame_0028
[07:31:20] frame 0029/0599 t=0.04841   6.42s  elapsed=  211.4s  eta= 4017.5s  -> frame_0029
[07:31:26] frame 0030/0599 t=0.05008   6.53s  elapsed=  218.0s  eta= 4000.9s  -> frame_0030
[07:31:34] frame 0031/0599 t=0.05175   8.23s  elapsed=  226.2s  eta= 4015.3s  -> frame_0031
[07:31:42] frame 0032/0599 t=0.05342   7.36s  elapsed=  233.6s  eta= 4013.3s  -> frame_0032
[07:31:48] frame 0033/0599 t=0.05509   6.53s  elapsed=  240.1s  eta= 3997.2s  -> frame_0033
[07:31:55] frame 0034/0599 t=0.05676   6.28s  elapsed=  246.4s  eta= 3977.5s  -> frame_0034
[07:32:01] frame 0035/0599 t=0.05843   6.82s  elapsed=  253.2s  eta= 3967.0s  -> frame_0035
[07:32:08] frame 0036/0599 t=0.06010   6.45s  elapsed=  259.7s  eta= 3951.2s  -> frame_0036
[07:32:15] frame 0037/0599 t=0.06177   6.90s  elapsed=  266.6s  eta= 3942.4s  -> frame_0037
[07:32:22] frame 0038/0599 t=0.06344   7.46s  elapsed=  274.0s  eta= 3941.8s  -> frame_0038
[07:32:29] frame 0039/0599 t=0.06511   7.16s  elapsed=  281.2s  eta= 3936.7s  -> frame_0039
[07:32:36] frame 0040/0599 t=0.06678   6.70s  elapsed=  287.9s  eta= 3925.1s  -> frame_0040
[07:32:45] frame 0041/0599 t=0.06845   8.87s  elapsed=  296.8s  eta= 3942.7s  -> frame_0041
[07:32:53] frame 0042/0599 t=0.07012   8.39s  elapsed=  305.2s  eta= 3952.8s  -> frame_0042
[07:33:00] frame 0043/0599 t=0.07179   6.99s  elapsed=  312.1s  eta= 3944.4s  -> frame_0043
[07:33:08] frame 0044/0599 t=0.07346   7.33s  elapsed=  319.5s  eta= 3940.3s  -> frame_0044
[07:33:14] frame 0045/0599 t=0.07513   6.49s  elapsed=  326.0s  eta= 3925.8s  -> frame_0045
[07:33:20] frame 0046/0599 t=0.07679   5.42s  elapsed=  331.4s  eta= 3899.2s  -> frame_0046
[07:33:25] frame 0047/0599 t=0.07846   5.57s  elapsed=  337.0s  eta= 3875.1s  -> frame_0047
[07:33:31] frame 0048/0599 t=0.08013   5.49s  elapsed=  342.5s  eta= 3850.9s  -> frame_0048
[07:33:38] frame 0049/0599 t=0.08180   7.03s  elapsed=  349.5s  eta= 3844.4s  -> frame_0049
[07:33:44] frame 0050/0599 t=0.08347   6.16s  elapsed=  355.7s  eta= 3828.5s  -> frame_0050
[07:33:50] frame 0051/0599 t=0.08514   5.96s  elapsed=  361.6s  eta= 3810.9s  -> frame_0051
[07:33:56] frame 0052/0599 t=0.08681   6.12s  elapsed=  367.7s  eta= 3795.4s  -> frame_0052
[07:34:02] frame 0053/0599 t=0.08848   6.15s  elapsed=  373.9s  eta= 3780.5s  -> frame_0053
[07:34:08] frame 0054/0599 t=0.09015   5.64s  elapsed=  379.5s  eta= 3760.9s  -> frame_0054
[07:34:13] frame 0055/0599 t=0.09182   5.20s  elapsed=  384.7s  eta= 3737.5s  -> frame_0055
[07:34:18] frame 0056/0599 t=0.09349   5.42s  elapsed=  390.2s  eta= 3716.8s  -> frame_0056
[07:34:24] frame 0057/0599 t=0.09516   6.04s  elapsed=  396.2s  eta= 3702.5s  -> frame_0057
[07:34:30] frame 0058/0599 t=0.09683   5.53s  elapsed=  401.7s  eta= 3683.8s  -> frame_0058
[07:34:36] frame 0059/0599 t=0.09850   5.82s  elapsed=  407.6s  eta= 3668.1s  -> frame_0059
[07:34:41] frame 0060/0599 t=0.10017   5.76s  elapsed=  413.3s  eta= 3652.2s  -> frame_0060
[07:34:48] frame 0061/0599 t=0.10184   6.10s  elapsed=  419.4s  eta= 3639.5s  -> frame_0061
[07:34:54] frame 0062/0599 t=0.10351   5.97s  elapsed=  425.4s  eta= 3626.0s  -> frame_0062
[07:35:00] frame 0063/0599 t=0.10518   6.84s  elapsed=  432.2s  eta= 3620.0s  -> frame_0063
[07:35:07] frame 0064/0599 t=0.10684   6.92s  elapsed=  439.2s  eta= 3614.6s  -> frame_0064
[07:35:14] frame 0065/0599 t=0.10851   6.73s  elapsed=  445.9s  eta= 3607.7s  -> frame_0065
[07:35:21] frame 0066/0599 t=0.11018   6.56s  elapsed=  452.5s  eta= 3599.4s  -> frame_0066
[07:35:28] frame 0067/0599 t=0.11185   7.13s  elapsed=  459.6s  eta= 3595.6s  -> frame_0067
[07:35:34] frame 0068/0599 t=0.11352   6.28s  elapsed=  465.9s  eta= 3585.2s  -> frame_0068
[07:35:41] frame 0069/0599 t=0.11519   7.07s  elapsed=  472.9s  eta= 3580.8s  -> frame_0069
[07:35:48] frame 0070/0599 t=0.11686   7.27s  elapsed=  480.2s  eta= 3577.9s  -> frame_0070
[07:35:54] frame 0071/0599 t=0.11853   6.15s  elapsed=  486.4s  eta= 3566.7s  -> frame_0071
[07:36:01] frame 0072/0599 t=0.12020   6.81s  elapsed=  493.2s  eta= 3560.4s  -> frame_0072
[07:36:08] frame 0073/0599 t=0.12187   6.96s  elapsed=  500.1s  eta= 3555.1s  -> frame_0073
[07:36:15] frame 0074/0599 t=0.12354   6.66s  elapsed=  506.8s  eta= 3547.6s  -> frame_0074
[07:36:21] frame 0075/0599 t=0.12521   6.27s  elapsed=  513.1s  eta= 3537.5s  -> frame_0075
[07:36:28] frame 0076/0599 t=0.12688   6.85s  elapsed=  519.9s  eta= 3531.4s  -> frame_0076
[07:36:35] frame 0077/0599 t=0.12855   6.60s  elapsed=  526.5s  eta= 3523.7s  -> frame_0077
[07:36:41] frame 0078/0599 t=0.13022   6.40s  elapsed=  532.9s  eta= 3514.6s  -> frame_0078
[07:36:47] frame 0079/0599 t=0.13189   6.27s  elapsed=  539.2s  eta= 3504.8s  -> frame_0079
[07:36:54] frame 0080/0599 t=0.13356   6.95s  elapsed=  546.1s  eta= 3499.4s  -> frame_0080
[07:37:01] frame 0081/0599 t=0.13523   6.38s  elapsed=  552.5s  eta= 3490.3s  -> frame_0081
[07:37:07] frame 0082/0599 t=0.13689   6.49s  elapsed=  559.0s  eta= 3482.0s  -> frame_0082
[07:37:15] frame 0083/0599 t=0.13856   7.37s  elapsed=  566.4s  eta= 3479.2s  -> frame_0083
[07:37:21] frame 0084/0599 t=0.14023   6.37s  elapsed=  572.8s  eta= 3470.2s  -> frame_0084
[07:37:27] frame 0085/0599 t=0.14190   6.28s  elapsed=  579.0s  eta= 3460.7s  -> frame_0085
[07:37:34] frame 0086/0599 t=0.14357   6.52s  elapsed=  585.6s  eta= 3452.7s  -> frame_0086
[07:37:41] frame 0087/0599 t=0.14524   7.19s  elapsed=  592.7s  eta= 3448.7s  -> frame_0087
[07:37:50] frame 0088/0599 t=0.14691   8.65s  elapsed=  601.4s  eta= 3453.0s  -> frame_0088
[07:37:56] frame 0089/0599 t=0.14858   6.63s  elapsed=  608.0s  eta= 3445.5s  -> frame_0089
[07:38:03] frame 0090/0599 t=0.15025   6.72s  elapsed=  614.7s  eta= 3438.5s  -> frame_0090
[07:38:11] frame 0091/0599 t=0.15192   7.77s  elapsed=  622.5s  eta= 3437.4s  -> frame_0091
[07:38:17] frame 0092/0599 t=0.15359   6.75s  elapsed=  629.3s  eta= 3430.5s  -> frame_0092
[07:38:24] frame 0093/0599 t=0.15526   6.76s  elapsed=  636.0s  eta= 3423.7s  -> frame_0093
[07:38:31] frame 0094/0599 t=0.15693   7.29s  elapsed=  643.3s  eta= 3419.7s  -> frame_0094
[07:38:38] frame 0095/0599 t=0.15860   6.62s  elapsed=  649.9s  eta= 3412.1s  -> frame_0095
[07:38:44] frame 0096/0599 t=0.16027   6.16s  elapsed=  656.1s  eta= 3402.2s  -> frame_0096
[07:38:51] frame 0097/0599 t=0.16194   7.03s  elapsed=  663.1s  eta= 3396.8s  -> frame_0097
[07:38:58] frame 0098/0599 t=0.16361   7.18s  elapsed=  670.3s  eta= 3392.1s  -> frame_0098
[07:39:05] frame 0099/0599 t=0.16528   6.52s  elapsed=  676.8s  eta= 3384.1s  -> frame_0099
[07:39:12] frame 0100/0599 t=0.16694   6.99s  elapsed=  683.8s  eta= 3378.5s  -> frame_0100
[07:39:20] frame 0101/0599 t=0.16861   7.92s  elapsed=  691.8s  eta= 3377.4s  -> frame_0101
[07:39:26] frame 0102/0599 t=0.17028   6.45s  elapsed=  698.2s  eta= 3369.0s  -> frame_0102
[07:39:33] frame 0103/0599 t=0.17195   6.41s  elapsed=  704.6s  eta= 3360.5s  -> frame_0103
[07:39:39] frame 0104/0599 t=0.17362   6.74s  elapsed=  711.4s  eta= 3353.5s  -> frame_0104
[07:39:46] frame 0105/0599 t=0.17529   6.51s  elapsed=  717.9s  eta= 3345.5s  -> frame_0105
[07:39:52] frame 0106/0599 t=0.17696   5.74s  elapsed=  723.6s  eta= 3334.0s  -> frame_0106
[07:39:57] frame 0107/0599 t=0.17863   5.58s  elapsed=  729.2s  eta= 3321.9s  -> frame_0107
[07:40:03] frame 0108/0599 t=0.18030   5.79s  elapsed=  735.0s  eta= 3310.8s  -> frame_0108
[07:40:09] frame 0109/0599 t=0.18197   6.04s  elapsed=  741.0s  eta= 3300.9s  -> frame_0109
[07:40:14] frame 0110/0599 t=0.18364   5.09s  elapsed=  746.1s  eta= 3286.9s  -> frame_0110
[07:40:20] frame 0111/0599 t=0.18531   5.50s  elapsed=  751.6s  eta= 3274.9s  -> frame_0111
[07:40:26] frame 0112/0599 t=0.18698   6.02s  elapsed=  757.6s  eta= 3265.2s  -> frame_0112
[07:40:32] frame 0113/0599 t=0.18865   6.20s  elapsed=  763.8s  eta= 3256.4s  -> frame_0113
[07:40:38] frame 0114/0599 t=0.19032   5.99s  elapsed=  769.8s  eta= 3246.7s  -> frame_0114
[07:40:44] frame 0115/0599 t=0.19199   6.49s  elapsed=  776.3s  eta= 3239.1s  -> frame_0115
[07:40:51] frame 0116/0599 t=0.19366   6.53s  elapsed=  782.9s  eta= 3231.8s  -> frame_0116
[07:40:57] frame 0117/0599 t=0.19533   6.30s  elapsed=  789.2s  eta= 3223.5s  -> frame_0117
[07:41:04] frame 0118/0599 t=0.19699   6.69s  elapsed=  795.8s  eta= 3216.8s  -> frame_0118
[07:41:10] frame 0119/0599 t=0.19866   6.26s  elapsed=  802.1s  eta= 3208.4s  -> frame_0119
[07:41:16] frame 0120/0599 t=0.20033   5.52s  elapsed=  807.6s  eta= 3197.1s  -> frame_0120
[07:41:22] frame 0121/0599 t=0.20200   6.38s  elapsed=  814.0s  eta= 3189.3s  -> frame_0121
[07:41:29] frame 0122/0599 t=0.20367   6.76s  elapsed=  820.8s  eta= 3183.0s  -> frame_0122
[07:41:35] frame 0123/0599 t=0.20534   6.22s  elapsed=  827.0s  eta= 3174.5s  -> frame_0123
[07:41:42] frame 0124/0599 t=0.20701   6.92s  elapsed=  833.9s  eta= 3168.8s  -> frame_0124
[07:41:49] frame 0125/0599 t=0.20868   7.28s  elapsed=  841.2s  eta= 3164.4s  -> frame_0125
[07:41:56] frame 0126/0599 t=0.21035   6.66s  elapsed=  847.8s  eta= 3157.7s  -> frame_0126
[07:42:03] frame 0127/0599 t=0.21202   6.79s  elapsed=  854.6s  eta= 3151.5s  -> frame_0127
[07:42:10] frame 0128/0599 t=0.21369   7.16s  elapsed=  861.8s  eta= 3146.6s  -> frame_0128
[07:42:17] frame 0129/0599 t=0.21536   7.31s  elapsed=  869.1s  eta= 3142.2s  -> frame_0129
[07:42:24] frame 0130/0599 t=0.21703   6.55s  elapsed=  875.7s  eta= 3135.0s  -> frame_0130
[07:42:31] frame 0131/0599 t=0.21870   6.76s  elapsed=  882.4s  eta= 3128.6s  -> frame_0131
[07:42:37] frame 0132/0599 t=0.22037   6.86s  elapsed=  889.3s  eta= 3122.5s  -> frame_0132
[07:42:45] frame 0133/0599 t=0.22204   8.06s  elapsed=  897.3s  eta= 3120.6s  -> frame_0133
[07:42:55] frame 0134/0599 t=0.22371   9.19s  elapsed=  906.5s  eta= 3122.5s  -> frame_0134
[07:43:02] frame 0135/0599 t=0.22538   7.15s  elapsed=  913.7s  eta= 3117.3s  -> frame_0135
[07:43:09] frame 0136/0599 t=0.22705   7.07s  elapsed=  920.8s  eta= 3111.7s  -> frame_0136
[07:43:15] frame 0137/0599 t=0.22871   6.30s  elapsed=  927.1s  eta= 3103.6s  -> frame_0137
[07:43:22] frame 0138/0599 t=0.23038   6.47s  elapsed=  933.5s  eta= 3096.1s  -> frame_0138
[07:43:29] frame 0139/0599 t=0.23205   7.08s  elapsed=  940.6s  eta= 3090.6s  -> frame_0139
[07:43:35] frame 0140/0599 t=0.23372   6.58s  elapsed=  947.2s  eta= 3083.4s  -> frame_0140
[07:43:43] frame 0141/0599 t=0.23539   7.75s  elapsed=  955.0s  eta= 3080.1s  -> frame_0141
[07:43:50] frame 0142/0599 t=0.23706   7.31s  elapsed=  962.3s  eta= 3075.2s  -> frame_0142
[07:43:58] frame 0143/0599 t=0.23873   7.30s  elapsed=  969.6s  eta= 3070.3s  -> frame_0143
[07:44:04] frame 0144/0599 t=0.24040   6.29s  elapsed=  975.9s  eta= 3062.2s  -> frame_0144
[07:44:10] frame 0145/0599 t=0.24207   6.26s  elapsed=  982.1s  eta= 3054.0s  -> frame_0145
[07:44:17] frame 0146/0599 t=0.24374   7.09s  elapsed=  989.2s  eta= 3048.4s  -> frame_0146
[07:44:24] frame 0147/0599 t=0.24541   6.62s  elapsed=  995.8s  eta= 3041.3s  -> frame_0147
[07:44:31] frame 0148/0599 t=0.24708   6.71s  elapsed= 1002.5s  eta= 3034.5s  -> frame_0148
[07:44:37] frame 0149/0599 t=0.24875   6.25s  elapsed= 1008.8s  eta= 3026.4s  -> frame_0149
[07:44:44] frame 0150/0599 t=0.25042   7.22s  elapsed= 1016.0s  eta= 3021.1s  -> frame_0150
[07:44:51] frame 0151/0599 t=0.25209   6.90s  elapsed= 1022.9s  eta= 3014.9s  -> frame_0151
[07:44:58] frame 0152/0599 t=0.25376   6.55s  elapsed= 1029.5s  eta= 3007.7s  -> frame_0152
[07:45:04] frame 0153/0599 t=0.25543   6.74s  elapsed= 1036.2s  eta= 3001.0s  -> frame_0153
[07:45:11] frame 0154/0599 t=0.25710   6.95s  elapsed= 1043.2s  eta= 2994.9s  -> frame_0154
[07:45:18] frame 0155/0599 t=0.25876   6.82s  elapsed= 1050.0s  eta= 2988.4s  -> frame_0155
[07:45:25] frame 0156/0599 t=0.26043   6.85s  elapsed= 1056.8s  eta= 2982.0s  -> frame_0156
[07:45:31] frame 0157/0599 t=0.26210   6.52s  elapsed= 1063.4s  eta= 2974.7s  -> frame_0157
[07:45:39] frame 0158/0599 t=0.26377   7.14s  elapsed= 1070.5s  eta= 2969.1s  -> frame_0158
[07:45:45] frame 0159/0599 t=0.26544   6.21s  elapsed= 1076.7s  eta= 2961.0s  -> frame_0159
[07:45:51] frame 0160/0599 t=0.26711   6.49s  elapsed= 1083.2s  eta= 2953.6s  -> frame_0160
[07:45:58] frame 0161/0599 t=0.26878   6.46s  elapsed= 1089.7s  eta= 2946.1s  -> frame_0161
[07:46:02] frame 0162/0599 t=0.27045   4.57s  elapsed= 1094.2s  eta= 2933.6s  -> frame_0162
[07:46:06] frame 0163/0599 t=0.27212   3.77s  elapsed= 1098.0s  eta= 2919.1s  -> frame_0163
[07:46:12] frame 0164/0599 t=0.27379   5.55s  elapsed= 1103.6s  eta= 2909.4s  -> frame_0164
[07:46:18] frame 0165/0599 t=0.27546   6.14s  elapsed= 1109.7s  eta= 2901.3s  -> frame_0165
[07:46:24] frame 0166/0599 t=0.27713   6.25s  elapsed= 1115.9s  eta= 2893.4s  -> frame_0166
[07:46:30] frame 0167/0599 t=0.27880   5.67s  elapsed= 1121.6s  eta= 2884.2s  -> frame_0167
[07:46:35] frame 0168/0599 t=0.28047   5.28s  elapsed= 1126.9s  eta= 2873.9s  -> frame_0168
[07:46:40] frame 0169/0599 t=0.28214   5.27s  elapsed= 1132.2s  eta= 2863.7s  -> frame_0169
[07:46:47] frame 0170/0599 t=0.28381   6.37s  elapsed= 1138.6s  eta= 2856.4s  -> frame_0170
[07:46:52] frame 0171/0599 t=0.28548   5.43s  elapsed= 1144.0s  eta= 2846.7s  -> frame_0171
[07:46:58] frame 0172/0599 t=0.28715   5.90s  elapsed= 1149.9s  eta= 2838.2s  -> frame_0172
[07:47:05] frame 0173/0599 t=0.28881   6.89s  elapsed= 1156.8s  eta= 2832.1s  -> frame_0173
[07:47:12] frame 0174/0599 t=0.29048   7.38s  elapsed= 1164.2s  eta= 2827.2s  -> frame_0174
[07:47:19] frame 0175/0599 t=0.29215   6.87s  elapsed= 1171.0s  eta= 2821.1s  -> frame_0175
[07:47:25] frame 0176/0599 t=0.29382   6.15s  elapsed= 1177.2s  eta= 2813.3s  -> frame_0176
[07:47:32] frame 0177/0599 t=0.29549   6.95s  elapsed= 1184.1s  eta= 2807.3s  -> frame_0177
[07:47:39] frame 0178/0599 t=0.29716   7.02s  elapsed= 1191.2s  eta= 2801.5s  -> frame_0178
[07:47:47] frame 0179/0599 t=0.29883   7.36s  elapsed= 1198.5s  eta= 2796.5s  -> frame_0179
[07:47:55] frame 0180/0599 t=0.30050   7.97s  elapsed= 1206.5s  eta= 2792.9s  -> frame_0180
[07:48:02] frame 0181/0599 t=0.30217   7.43s  elapsed= 1213.9s  eta= 2788.0s  -> frame_0181
[07:48:09] frame 0182/0599 t=0.30384   6.67s  elapsed= 1220.6s  eta= 2781.3s  -> frame_0182
[07:48:15] frame 0183/0599 t=0.30551   6.18s  elapsed= 1226.8s  eta= 2773.6s  -> frame_0183
[07:48:22] frame 0184/0599 t=0.30718   7.30s  elapsed= 1234.1s  eta= 2768.3s  -> frame_0184
[07:48:29] frame 0185/0599 t=0.30885   6.93s  elapsed= 1241.0s  eta= 2762.2s  -> frame_0185
[07:48:36] frame 0186/0599 t=0.31052   6.73s  elapsed= 1247.7s  eta= 2755.7s  -> frame_0186
[07:48:42] frame 0187/0599 t=0.31219   6.62s  elapsed= 1254.4s  eta= 2748.9s  -> frame_0187
[07:48:49] frame 0188/0599 t=0.31386   6.98s  elapsed= 1261.3s  eta= 2742.9s  -> frame_0188
[07:48:56] frame 0189/0599 t=0.31553   6.38s  elapsed= 1267.7s  eta= 2735.6s  -> frame_0189
[07:49:02] frame 0190/0599 t=0.31720   6.38s  elapsed= 1274.1s  eta= 2728.3s  -> frame_0190
[07:49:09] frame 0191/0599 t=0.31886   6.51s  elapsed= 1280.6s  eta= 2721.3s  -> frame_0191
[07:49:16] frame 0192/0599 t=0.32053   6.81s  elapsed= 1287.4s  eta= 2714.9s  -> frame_0192
[07:49:22] frame 0193/0599 t=0.32220   6.39s  elapsed= 1293.8s  eta= 2707.7s  -> frame_0193
[07:49:29] frame 0194/0599 t=0.32387   7.23s  elapsed= 1301.0s  eta= 2702.2s  -> frame_0194
[07:49:37] frame 0195/0599 t=0.32554   7.50s  elapsed= 1308.5s  eta= 2697.2s  -> frame_0195
[07:49:44] frame 0196/0599 t=0.32721   6.96s  elapsed= 1315.5s  eta= 2691.1s  -> frame_0196
[07:49:51] frame 0197/0599 t=0.32888   7.31s  elapsed= 1322.8s  eta= 2685.7s  -> frame_0197
[07:49:57] frame 0198/0599 t=0.33055   6.34s  elapsed= 1329.2s  eta= 2678.3s  -> frame_0198
[07:50:04] frame 0199/0599 t=0.33222   6.82s  elapsed= 1336.0s  eta= 2672.0s  -> frame_0199
[07:50:11] frame 0200/0599 t=0.33389   6.73s  elapsed= 1342.7s  eta= 2665.4s  -> frame_0200
[07:50:17] frame 0201/0599 t=0.33556   6.42s  elapsed= 1349.1s  eta= 2658.2s  -> frame_0201
[07:50:23] frame 0202/0599 t=0.33723   6.05s  elapsed= 1355.2s  eta= 2650.3s  -> frame_0202
[07:50:28] frame 0203/0599 t=0.33890   5.17s  elapsed= 1360.4s  eta= 2640.7s  -> frame_0203
[07:50:34] frame 0204/0599 t=0.34057   5.38s  elapsed= 1365.7s  eta= 2631.5s  -> frame_0204
[07:50:39] frame 0205/0599 t=0.34224   5.56s  elapsed= 1371.3s  eta= 2622.8s  -> frame_0205
[07:50:45] frame 0206/0599 t=0.34391   5.11s  elapsed= 1376.4s  eta= 2613.2s  -> frame_0206
[07:50:50] frame 0207/0599 t=0.34558   5.44s  elapsed= 1381.9s  eta= 2604.3s  -> frame_0207
[07:50:55] frame 0208/0599 t=0.34725   5.34s  elapsed= 1387.2s  eta= 2595.2s  -> frame_0208
[07:51:02] frame 0209/0599 t=0.34891   6.38s  elapsed= 1393.6s  eta= 2588.1s  -> frame_0209
[07:51:07] frame 0210/0599 t=0.35058   5.70s  elapsed= 1399.3s  eta= 2579.7s  -> frame_0210
[07:51:14] frame 0211/0599 t=0.35225   6.54s  elapsed= 1405.8s  eta= 2572.9s  -> frame_0211
[07:51:20] frame 0212/0599 t=0.35392   6.45s  elapsed= 1412.3s  eta= 2566.0s  -> frame_0212
[07:51:27] frame 0213/0599 t=0.35559   6.47s  elapsed= 1418.8s  eta= 2559.1s  -> frame_0213
[07:51:33] frame 0214/0599 t=0.35726   5.65s  elapsed= 1424.4s  eta= 2550.7s  -> frame_0214
[07:51:39] frame 0215/0599 t=0.35893   5.98s  elapsed= 1430.4s  eta= 2542.9s  -> frame_0215
[07:51:44] frame 0216/0599 t=0.36060   5.80s  elapsed= 1436.2s  eta= 2534.8s  -> frame_0216
[07:51:50] frame 0217/0599 t=0.36227   5.73s  elapsed= 1441.9s  eta= 2526.7s  -> frame_0217
[07:51:55] frame 0218/0599 t=0.36394   5.36s  elapsed= 1447.3s  eta= 2517.9s  -> frame_0218
[07:52:01] frame 0219/0599 t=0.36561   5.98s  elapsed= 1453.3s  eta= 2510.2s  -> frame_0219
[07:52:08] frame 0220/0599 t=0.36728   6.19s  elapsed= 1459.5s  eta= 2502.9s  -> frame_0220
[07:52:14] frame 0221/0599 t=0.36895   6.12s  elapsed= 1465.6s  eta= 2495.4s  -> frame_0221
[07:52:21] frame 0222/0599 t=0.37062   6.83s  elapsed= 1472.4s  eta= 2489.2s  -> frame_0222
[07:52:27] frame 0223/0599 t=0.37229   6.90s  elapsed= 1479.3s  eta= 2483.1s  -> frame_0223
[07:52:34] frame 0224/0599 t=0.37396   6.57s  elapsed= 1485.9s  eta= 2476.5s  -> frame_0224
[07:52:40] frame 0225/0599 t=0.37563   6.34s  elapsed= 1492.2s  eta= 2469.4s  -> frame_0225
[07:52:48] frame 0226/0599 t=0.37730   7.52s  elapsed= 1499.7s  eta= 2464.3s  -> frame_0226
[07:52:56] frame 0227/0599 t=0.37896   7.70s  elapsed= 1507.4s  eta= 2459.5s  -> frame_0227
[07:53:03] frame 0228/0599 t=0.38063   7.72s  elapsed= 1515.2s  eta= 2454.7s  -> frame_0228
[07:53:10] frame 0229/0599 t=0.38230   7.08s  elapsed= 1522.3s  eta= 2448.8s  -> frame_0229
[07:53:17] frame 0230/0599 t=0.38397   6.65s  elapsed= 1528.9s  eta= 2442.3s  -> frame_0230
[07:53:24] frame 0231/0599 t=0.38564   6.96s  elapsed= 1535.9s  eta= 2436.2s  -> frame_0231
[07:53:31] frame 0232/0599 t=0.38731   6.69s  elapsed= 1542.6s  eta= 2429.7s  -> frame_0232
[07:53:39] frame 0233/0599 t=0.38898   8.39s  elapsed= 1551.0s  eta= 2425.9s  -> frame_0233
[07:53:46] frame 0234/0599 t=0.39065   7.13s  elapsed= 1558.1s  eta= 2420.0s  -> frame_0234
[07:53:53] frame 0235/0599 t=0.39232   6.78s  elapsed= 1564.9s  eta= 2413.6s  -> frame_0235
[07:54:00] frame 0236/0599 t=0.39399   6.64s  elapsed= 1571.5s  eta= 2407.0s  -> frame_0236
[07:54:06] frame 0237/0599 t=0.39566   6.75s  elapsed= 1578.3s  eta= 2400.6s  -> frame_0237
[07:54:13] frame 0238/0599 t=0.39733   7.10s  elapsed= 1585.4s  eta= 2394.6s  -> frame_0238
[07:54:20] frame 0239/0599 t=0.39900   6.41s  elapsed= 1591.8s  eta= 2387.7s  -> frame_0239
[07:54:27] frame 0240/0599 t=0.40067   6.95s  elapsed= 1598.7s  eta= 2381.5s  -> frame_0240
[07:54:34] frame 0241/0599 t=0.40234   6.84s  elapsed= 1605.6s  eta= 2375.2s  -> frame_0241
[07:54:40] frame 0242/0599 t=0.40401   6.66s  elapsed= 1612.2s  eta= 2368.6s  -> frame_0242
[07:54:47] frame 0243/0599 t=0.40568   6.77s  elapsed= 1619.0s  eta= 2362.2s  -> frame_0243
[07:54:54] frame 0244/0599 t=0.40735   6.89s  elapsed= 1625.9s  eta= 2355.9s  -> frame_0244
[07:55:01] frame 0245/0599 t=0.40902   6.64s  elapsed= 1632.5s  eta= 2349.3s  -> frame_0245
[07:55:07] frame 0246/0599 t=0.41068   6.71s  elapsed= 1639.2s  eta= 2342.7s  -> frame_0246
[07:55:14] frame 0247/0599 t=0.41235   6.40s  elapsed= 1645.6s  eta= 2335.8s  -> frame_0247
[07:55:20] frame 0248/0599 t=0.41402   6.34s  elapsed= 1652.0s  eta= 2328.7s  -> frame_0248
[07:55:25] frame 0249/0599 t=0.41569   4.79s  elapsed= 1656.8s  eta= 2319.5s  -> frame_0249
[07:55:30] frame 0250/0599 t=0.41736   4.63s  elapsed= 1661.4s  eta= 2310.1s  -> frame_0250
[07:55:34] frame 0251/0599 t=0.41903   4.28s  elapsed= 1665.7s  eta= 2300.2s  -> frame_0251
[07:55:38] frame 0252/0599 t=0.42070   4.60s  elapsed= 1670.3s  eta= 2290.9s  -> frame_0252
[07:55:43] frame 0253/0599 t=0.42237   4.26s  elapsed= 1674.6s  eta= 2281.1s  -> frame_0253
[07:55:48] frame 0254/0599 t=0.42404   5.09s  elapsed= 1679.7s  eta= 2272.5s  -> frame_0254
[07:55:53] frame 0255/0599 t=0.42571   5.32s  elapsed= 1685.0s  eta= 2264.2s  -> frame_0255
[07:55:58] frame 0256/0599 t=0.42738   4.65s  elapsed= 1689.6s  eta= 2255.0s  -> frame_0256
[07:56:03] frame 0257/0599 t=0.42905   5.37s  elapsed= 1695.0s  eta= 2246.9s  -> frame_0257
[07:56:09] frame 0258/0599 t=0.43072   6.31s  elapsed= 1701.3s  eta= 2239.9s  -> frame_0258
[07:56:15] frame 0259/0599 t=0.43239   5.74s  elapsed= 1707.0s  eta= 2232.3s  -> frame_0259
[07:56:21] frame 0260/0599 t=0.43406   5.54s  elapsed= 1712.6s  eta= 2224.4s  -> frame_0260
[07:56:27] frame 0261/0599 t=0.43573   5.94s  elapsed= 1718.5s  eta= 2217.0s  -> frame_0261
[07:56:33] frame 0262/0599 t=0.43740   6.12s  elapsed= 1724.7s  eta= 2209.9s  -> frame_0262
[07:56:40] frame 0263/0599 t=0.43907   6.97s  elapsed= 1731.6s  eta= 2203.9s  -> frame_0263
[07:56:47] frame 0264/0599 t=0.44073   6.93s  elapsed= 1738.5s  eta= 2197.8s  -> frame_0264
[07:56:53] frame 0265/0599 t=0.44240   6.34s  elapsed= 1744.9s  eta= 2190.9s  -> frame_0265
[07:57:00] frame 0266/0599 t=0.44407   6.99s  elapsed= 1751.9s  eta= 2184.9s  -> frame_0266
[07:57:07] frame 0267/0599 t=0.44574   6.61s  elapsed= 1758.5s  eta= 2178.4s  -> frame_0267
[07:57:13] frame 0268/0599 t=0.44741   6.48s  elapsed= 1765.0s  eta= 2171.8s  -> frame_0268
[07:57:20] frame 0269/0599 t=0.44908   6.52s  elapsed= 1771.5s  eta= 2165.2s  -> frame_0269
[07:57:27] frame 0270/0599 t=0.45075   6.92s  elapsed= 1778.4s  eta= 2159.0s  -> frame_0270
[07:57:33] frame 0271/0599 t=0.45242   6.62s  elapsed= 1785.0s  eta= 2152.6s  -> frame_0271
[07:57:40] frame 0272/0599 t=0.45409   6.38s  elapsed= 1791.4s  eta= 2145.8s  -> frame_0272
[07:57:46] frame 0273/0599 t=0.45576   6.00s  elapsed= 1797.4s  eta= 2138.5s  -> frame_0273
[07:57:54] frame 0274/0599 t=0.45743   8.36s  elapsed= 1805.8s  eta= 2134.1s  -> frame_0274
[07:58:01] frame 0275/0599 t=0.45910   7.34s  elapsed= 1813.1s  eta= 2128.5s  -> frame_0275
[07:58:08] frame 0276/0599 t=0.46077   6.56s  elapsed= 1819.7s  eta= 2121.9s  -> frame_0276
[07:58:14] frame 0277/0599 t=0.46244   6.46s  elapsed= 1826.2s  eta= 2115.2s  -> frame_0277
[07:58:22] frame 0278/0599 t=0.46411   7.23s  elapsed= 1833.4s  eta= 2109.4s  -> frame_0278
[07:58:28] frame 0279/0599 t=0.46578   6.97s  elapsed= 1840.4s  eta= 2103.3s  -> frame_0279
[07:58:36] frame 0280/0599 t=0.46745   7.07s  elapsed= 1847.4s  eta= 2097.3s  -> frame_0280
[07:58:43] frame 0281/0599 t=0.46912   7.64s  elapsed= 1855.1s  eta= 2091.9s  -> frame_0281
[07:58:50] frame 0282/0599 t=0.47078   7.08s  elapsed= 1862.2s  eta= 2085.9s  -> frame_0282
[07:58:57] frame 0283/0599 t=0.47245   6.65s  elapsed= 1868.8s  eta= 2079.4s  -> frame_0283
[07:59:03] frame 0284/0599 t=0.47412   6.44s  elapsed= 1875.3s  eta= 2072.7s  -> frame_0284
[07:59:12] frame 0285/0599 t=0.47579   8.18s  elapsed= 1883.4s  eta= 2067.8s  -> frame_0285
[07:59:18] frame 0286/0599 t=0.47746   6.48s  elapsed= 1889.9s  eta= 2061.1s  -> frame_0286
[07:59:25] frame 0287/0599 t=0.47913   6.64s  elapsed= 1896.6s  eta= 2054.6s  -> frame_0287
[07:59:31] frame 0288/0599 t=0.48080   6.65s  elapsed= 1903.2s  eta= 2048.1s  -> frame_0288
[07:59:39] frame 0289/0599 t=0.48247   7.15s  elapsed= 1910.4s  eta= 2042.1s  -> frame_0289
[07:59:45] frame 0290/0599 t=0.48414   6.53s  elapsed= 1916.9s  eta= 2035.5s  -> frame_0290
[07:59:53] frame 0291/0599 t=0.48581   8.29s  elapsed= 1925.2s  eta= 2030.7s  -> frame_0291
[08:00:01] frame 0292/0599 t=0.48748   7.33s  elapsed= 1932.5s  eta= 2024.9s  -> frame_0292
[08:00:08] frame 0293/0599 t=0.48915   7.05s  elapsed= 1939.6s  eta= 2018.8s  -> frame_0293
[08:00:14] frame 0294/0599 t=0.49082   6.76s  elapsed= 1946.3s  eta= 2012.3s  -> frame_0294
[08:00:22] frame 0295/0599 t=0.49249   7.25s  elapsed= 1953.6s  eta= 2006.4s  -> frame_0295
[08:00:29] frame 0296/0599 t=0.49416   7.36s  elapsed= 1961.0s  eta= 2000.6s  -> frame_0296
[08:00:36] frame 0297/0599 t=0.49583   6.70s  elapsed= 1967.7s  eta= 1994.1s  -> frame_0297
[08:00:41] frame 0298/0599 t=0.49750   5.68s  elapsed= 1973.4s  eta= 1986.6s  -> frame_0298
[08:00:47] frame 0299/0599 t=0.49917   5.59s  elapsed= 1978.9s  eta= 1978.9s  -> frame_0299
[08:00:53] frame 0300/0599 t=0.50083   6.18s  elapsed= 1985.1s  eta= 1971.9s  -> frame_0300
[08:00:59] frame 0301/0599 t=0.50250   5.64s  elapsed= 1990.8s  eta= 1964.4s  -> frame_0301
[08:01:05] frame 0302/0599 t=0.50417   5.64s  elapsed= 1996.4s  eta= 1956.9s  -> frame_0302
[08:01:10] frame 0303/0599 t=0.50584   5.62s  elapsed= 2002.0s  eta= 1949.4s  -> frame_0303
[08:01:17] frame 0304/0599 t=0.50751   6.44s  elapsed= 2008.5s  eta= 1942.6s  -> frame_0304
[08:01:23] frame 0305/0599 t=0.50918   6.14s  elapsed= 2014.6s  eta= 1935.6s  -> frame_0305
[08:01:28] frame 0306/0599 t=0.51085   5.74s  elapsed= 2020.4s  eta= 1928.2s  -> frame_0306
[08:01:34] frame 0307/0599 t=0.51252   5.80s  elapsed= 2026.2s  eta= 1920.9s  -> frame_0307
[08:01:42] frame 0308/0599 t=0.51419   7.66s  elapsed= 2033.8s  eta= 1915.4s  -> frame_0308
[08:01:48] frame 0309/0599 t=0.51586   5.95s  elapsed= 2039.8s  eta= 1908.2s  -> frame_0309
[08:01:54] frame 0310/0599 t=0.51753   5.68s  elapsed= 2045.5s  eta= 1900.8s  -> frame_0310
[08:01:59] frame 0311/0599 t=0.51920   5.40s  elapsed= 2050.9s  eta= 1893.1s  -> frame_0311
[08:02:05] frame 0312/0599 t=0.52087   5.91s  elapsed= 2056.8s  eta= 1885.9s  -> frame_0312
[08:02:12] frame 0313/0599 t=0.52254   7.36s  elapsed= 2064.1s  eta= 1880.1s  -> frame_0313
[08:02:19] frame 0314/0599 t=0.52421   7.04s  elapsed= 2071.2s  eta= 1873.9s  -> frame_0314
[08:02:26] frame 0315/0599 t=0.52588   6.52s  elapsed= 2077.7s  eta= 1867.3s  -> frame_0315
[08:02:32] frame 0316/0599 t=0.52755   6.14s  elapsed= 2083.8s  eta= 1860.3s  -> frame_0316
[08:02:39] frame 0317/0599 t=0.52922   6.86s  elapsed= 2090.7s  eta= 1854.0s  -> frame_0317
[08:02:46] frame 0318/0599 t=0.53088   6.77s  elapsed= 2097.5s  eta= 1847.6s  -> frame_0318
[08:02:54] frame 0319/0599 t=0.53255   7.90s  elapsed= 2105.4s  eta= 1842.2s  -> frame_0319
[08:03:01] frame 0320/0599 t=0.53422   7.86s  elapsed= 2113.2s  eta= 1836.7s  -> frame_0320
[08:03:08] frame 0321/0599 t=0.53589   7.04s  elapsed= 2120.3s  eta= 1830.5s  -> frame_0321
[08:03:15] frame 0322/0599 t=0.53756   6.63s  elapsed= 2126.9s  eta= 1824.0s  -> frame_0322
[08:03:22] frame 0323/0599 t=0.53923   6.76s  elapsed= 2133.7s  eta= 1817.6s  -> frame_0323
[08:03:29] frame 0324/0599 t=0.54090   6.94s  elapsed= 2140.6s  eta= 1811.3s  -> frame_0324
[08:03:37] frame 0325/0599 t=0.54257   8.32s  elapsed= 2148.9s  eta= 1806.2s  -> frame_0325
[08:03:44] frame 0326/0599 t=0.54424   7.27s  elapsed= 2156.2s  eta= 1800.1s  -> frame_0326
[08:03:52] frame 0327/0599 t=0.54591   7.28s  elapsed= 2163.5s  eta= 1794.1s  -> frame_0327
[08:03:59] frame 0328/0599 t=0.54758   7.23s  elapsed= 2170.7s  eta= 1788.0s  -> frame_0328
[08:04:06] frame 0329/0599 t=0.54925   6.86s  elapsed= 2177.6s  eta= 1781.6s  -> frame_0329
[08:04:12] frame 0330/0599 t=0.55092   6.60s  elapsed= 2184.2s  eta= 1775.1s  -> frame_0330
[08:04:19] frame 0331/0599 t=0.55259   6.53s  elapsed= 2190.7s  eta= 1768.4s  -> frame_0331
[08:04:27] frame 0332/0599 t=0.55426   8.08s  elapsed= 2198.8s  eta= 1763.0s  -> frame_0332
[08:04:34] frame 0333/0599 t=0.55593   7.11s  elapsed= 2205.9s  eta= 1756.8s  -> frame_0333
[08:04:40] frame 0334/0599 t=0.55760   6.45s  elapsed= 2212.3s  eta= 1750.1s  -> frame_0334
[08:04:47] frame 0335/0599 t=0.55927   6.60s  elapsed= 2218.9s  eta= 1743.5s  -> frame_0335
[08:04:54] frame 0336/0599 t=0.56093   7.39s  elapsed= 2226.3s  eta= 1737.5s  -> frame_0336
[08:05:00] frame 0337/0599 t=0.56260   5.48s  elapsed= 2231.8s  eta= 1730.0s  -> frame_0337
[08:05:04] frame 0338/0599 t=0.56427   3.83s  elapsed= 2235.7s  eta= 1721.3s  -> frame_0338
[08:05:08] frame 0339/0599 t=0.56594   3.78s  elapsed= 2239.4s  eta= 1712.5s  -> frame_0339
[08:05:11] frame 0340/0599 t=0.56761   3.78s  elapsed= 2243.2s  eta= 1703.8s  -> frame_0340
[08:05:15] frame 0341/0599 t=0.56928   3.89s  elapsed= 2247.1s  eta= 1695.2s  -> frame_0341
[08:05:19] frame 0342/0599 t=0.57095   4.09s  elapsed= 2251.2s  eta= 1686.8s  -> frame_0342
[08:05:24] frame 0343/0599 t=0.57262   4.47s  elapsed= 2255.7s  eta= 1678.6s  -> frame_0343
[08:05:28] frame 0344/0599 t=0.57429   4.00s  elapsed= 2259.7s  eta= 1670.2s  -> frame_0344
[08:05:32] frame 0345/0599 t=0.57596   3.92s  elapsed= 2263.6s  eta= 1661.7s  -> frame_0345
[08:05:36] frame 0346/0599 t=0.57763   4.36s  elapsed= 2268.0s  eta= 1653.6s  -> frame_0346
[08:05:41] frame 0347/0599 t=0.57930   4.50s  elapsed= 2272.5s  eta= 1645.6s  -> frame_0347
[08:05:46] frame 0348/0599 t=0.58097   5.73s  elapsed= 2278.2s  eta= 1638.5s  -> frame_0348
[08:05:52] frame 0349/0599 t=0.58264   5.48s  elapsed= 2283.7s  eta= 1631.2s  -> frame_0349
[08:05:57] frame 0350/0599 t=0.58431   5.07s  elapsed= 2288.8s  eta= 1623.6s  -> frame_0350
[08:06:03] frame 0351/0599 t=0.58598   6.38s  elapsed= 2295.1s  eta= 1617.0s  -> frame_0351
[08:06:11] frame 0352/0599 t=0.58765   7.86s  elapsed= 2303.0s  eta= 1611.4s  -> frame_0352
[08:06:18] frame 0353/0599 t=0.58932   7.25s  elapsed= 2310.2s  eta= 1605.4s  -> frame_0353
[08:06:25] frame 0354/0599 t=0.59098   7.09s  elapsed= 2317.3s  eta= 1599.3s  -> frame_0354
[08:06:33] frame 0355/0599 t=0.59265   7.90s  elapsed= 2325.2s  eta= 1593.7s  -> frame_0355
[08:06:42] frame 0356/0599 t=0.59432   8.21s  elapsed= 2333.5s  eta= 1588.3s  -> frame_0356
[08:06:49] frame 0357/0599 t=0.59599   7.79s  elapsed= 2341.2s  eta= 1582.6s  -> frame_0357
[08:06:57] frame 0358/0599 t=0.59766   7.79s  elapsed= 2349.0s  eta= 1576.9s  -> frame_0358
[08:07:05] frame 0359/0599 t=0.59933   7.39s  elapsed= 2356.4s  eta= 1571.0s  -> frame_0359
[08:07:12] frame 0360/0599 t=0.60100   7.46s  elapsed= 2363.9s  eta= 1565.0s  -> frame_0360
[08:07:19] frame 0361/0599 t=0.60267   6.70s  elapsed= 2370.6s  eta= 1558.6s  -> frame_0361
[08:07:26] frame 0362/0599 t=0.60434   6.89s  elapsed= 2377.5s  eta= 1552.2s  -> frame_0362
[08:07:33] frame 0363/0599 t=0.60601   7.50s  elapsed= 2385.0s  eta= 1546.3s  -> frame_0363
[08:07:41] frame 0364/0599 t=0.60768   7.70s  elapsed= 2392.7s  eta= 1540.5s  -> frame_0364
[08:07:48] frame 0365/0599 t=0.60935   6.84s  elapsed= 2399.5s  eta= 1534.1s  -> frame_0365
[08:07:56] frame 0366/0599 t=0.61102   8.44s  elapsed= 2408.0s  eta= 1528.8s  -> frame_0366
[08:08:05] frame 0367/0599 t=0.61269   9.31s  elapsed= 2417.3s  eta= 1523.9s  -> frame_0367
[08:08:12] frame 0368/0599 t=0.61436   6.48s  elapsed= 2423.8s  eta= 1517.3s  -> frame_0368
[08:08:19] frame 0369/0599 t=0.61603   6.92s  elapsed= 2430.7s  eta= 1511.0s  -> frame_0369
[08:08:26] frame 0370/0599 t=0.61770   7.26s  elapsed= 2438.0s  eta= 1504.8s  -> frame_0370
[08:08:34] frame 0371/0599 t=0.61937   7.65s  elapsed= 2445.6s  eta= 1498.9s  -> frame_0371
[08:08:41] frame 0372/0599 t=0.62104   6.82s  elapsed= 2452.4s  eta= 1492.5s  -> frame_0372
[08:08:47] frame 0373/0599 t=0.62270   6.40s  elapsed= 2458.8s  eta= 1485.8s  -> frame_0373
[08:08:54] frame 0374/0599 t=0.62437   7.30s  elapsed= 2466.2s  eta= 1479.7s  -> frame_0374
[08:09:02] frame 0375/0599 t=0.62604   7.58s  elapsed= 2473.7s  eta= 1473.7s  -> frame_0375
[08:09:08] frame 0376/0599 t=0.62771   6.53s  elapsed= 2480.3s  eta= 1467.1s  -> frame_0376
[08:09:16] frame 0377/0599 t=0.62938   7.20s  elapsed= 2487.5s  eta= 1460.9s  -> frame_0377
[08:09:24] frame 0378/0599 t=0.63105   8.03s  elapsed= 2495.5s  eta= 1455.2s  -> frame_0378
[08:09:30] frame 0379/0599 t=0.63272   6.70s  elapsed= 2502.2s  eta= 1448.6s  -> frame_0379
[08:09:37] frame 0380/0599 t=0.63439   6.80s  elapsed= 2509.0s  eta= 1442.2s  -> frame_0380
[08:09:44] frame 0381/0599 t=0.63606   7.01s  elapsed= 2516.0s  eta= 1435.8s  -> frame_0381
[08:09:52] frame 0382/0599 t=0.63773   7.50s  elapsed= 2523.5s  eta= 1429.8s  -> frame_0382
[08:09:58] frame 0383/0599 t=0.63940   6.50s  elapsed= 2530.0s  eta= 1423.1s  -> frame_0383
[08:10:06] frame 0384/0599 t=0.64107   7.62s  elapsed= 2537.6s  eta= 1417.1s  -> frame_0384
[08:10:12] frame 0385/0599 t=0.64274   6.68s  elapsed= 2544.3s  eta= 1410.6s  -> frame_0385
[08:10:20] frame 0386/0599 t=0.64441   7.29s  elapsed= 2551.6s  eta= 1404.4s  -> frame_0386
[08:10:27] frame 0387/0599 t=0.64608   7.65s  elapsed= 2559.3s  eta= 1398.4s  -> frame_0387
[08:10:34] frame 0388/0599 t=0.64775   6.42s  elapsed= 2565.7s  eta= 1391.7s  -> frame_0388
[08:10:40] frame 0389/0599 t=0.64942   5.83s  elapsed= 2571.5s  eta= 1384.7s  -> frame_0389
[08:10:45] frame 0390/0599 t=0.65109   5.79s  elapsed= 2577.3s  eta= 1377.6s  -> frame_0390
[08:10:52] frame 0391/0599 t=0.65275   6.12s  elapsed= 2583.4s  eta= 1370.8s  -> frame_0391
[08:10:57] frame 0392/0599 t=0.65442   5.16s  elapsed= 2588.6s  eta= 1363.5s  -> frame_0392
[08:11:02] frame 0393/0599 t=0.65609   5.74s  elapsed= 2594.3s  eta= 1356.4s  -> frame_0393
[08:11:09] frame 0394/0599 t=0.65776   6.72s  elapsed= 2601.1s  eta= 1349.9s  -> frame_0394
[08:11:15] frame 0395/0599 t=0.65943   5.61s  elapsed= 2606.7s  eta= 1342.8s  -> frame_0395
[08:11:21] frame 0396/0599 t=0.66110   6.13s  elapsed= 2612.8s  eta= 1336.0s  -> frame_0396
[08:11:27] frame 0397/0599 t=0.66277   5.95s  elapsed= 2618.7s  eta= 1329.1s  -> frame_0397
[08:11:34] frame 0398/0599 t=0.66444   7.32s  elapsed= 2626.1s  eta= 1322.9s  -> frame_0398
[08:11:43] frame 0399/0599 t=0.66611   8.36s  elapsed= 2634.4s  eta= 1317.2s  -> frame_0399
[08:11:49] frame 0400/0599 t=0.66778   6.55s  elapsed= 2641.0s  eta= 1310.6s  -> frame_0400
[08:11:55] frame 0401/0599 t=0.66945   6.23s  elapsed= 2647.2s  eta= 1303.9s  -> frame_0401
[08:12:02] frame 0402/0599 t=0.67112   6.54s  elapsed= 2653.8s  eta= 1297.2s  -> frame_0402
[08:12:09] frame 0403/0599 t=0.67279   7.16s  elapsed= 2660.9s  eta= 1290.9s  -> frame_0403
[08:12:17] frame 0404/0599 t=0.67446   7.98s  elapsed= 2668.9s  eta= 1285.0s  -> frame_0404
[08:12:25] frame 0405/0599 t=0.67613   7.58s  elapsed= 2676.5s  eta= 1278.9s  -> frame_0405
[08:12:35] frame 0406/0599 t=0.67780  10.58s  elapsed= 2687.1s  eta= 1274.2s  -> frame_0406
[08:12:43] frame 0407/0599 t=0.67947   7.47s  elapsed= 2694.5s  eta= 1268.0s  -> frame_0407
[08:12:50] frame 0408/0599 t=0.68114   6.99s  elapsed= 2701.5s  eta= 1261.6s  -> frame_0408
[08:12:59] frame 0409/0599 t=0.68280   9.29s  elapsed= 2710.8s  eta= 1256.2s  -> frame_0409
[08:13:07] frame 0410/0599 t=0.68447   7.98s  elapsed= 2718.8s  eta= 1250.3s  -> frame_0410
[08:13:14] frame 0411/0599 t=0.68614   6.73s  elapsed= 2725.5s  eta= 1243.7s  -> frame_0411
[08:13:20] frame 0412/0599 t=0.68781   6.67s  elapsed= 2732.2s  eta= 1237.1s  -> frame_0412
[08:13:28] frame 0413/0599 t=0.68948   7.96s  elapsed= 2740.2s  eta= 1231.1s  -> frame_0413
[08:13:36] frame 0414/0599 t=0.69115   7.21s  elapsed= 2747.4s  eta= 1224.7s  -> frame_0414
[08:13:46] frame 0415/0599 t=0.69282  10.18s  elapsed= 2757.6s  eta= 1219.7s  -> frame_0415
[08:13:54] frame 0416/0599 t=0.69449   8.44s  elapsed= 2766.0s  eta= 1213.9s  -> frame_0416
[08:14:01] frame 0417/0599 t=0.69616   6.56s  elapsed= 2772.6s  eta= 1207.2s  -> frame_0417
[08:14:08] frame 0418/0599 t=0.69783   7.29s  elapsed= 2779.9s  eta= 1200.8s  -> frame_0418
[08:14:16] frame 0419/0599 t=0.69950   7.76s  elapsed= 2787.6s  eta= 1194.7s  -> frame_0419
[08:14:23] frame 0420/0599 t=0.70117   7.11s  elapsed= 2794.7s  eta= 1188.3s  -> frame_0420
[08:14:30] frame 0421/0599 t=0.70284   7.02s  elapsed= 2801.8s  eta= 1181.8s  -> frame_0421
[08:14:37] frame 0422/0599 t=0.70451   6.82s  elapsed= 2808.6s  eta= 1175.2s  -> frame_0422
[08:14:45] frame 0423/0599 t=0.70618   8.50s  elapsed= 2817.1s  eta= 1169.4s  -> frame_0423
[08:14:53] frame 0424/0599 t=0.70785   7.59s  elapsed= 2824.7s  eta= 1163.1s  -> frame_0424
[08:14:59] frame 0425/0599 t=0.70952   6.47s  elapsed= 2831.1s  eta= 1156.4s  -> frame_0425
[08:15:07] frame 0426/0599 t=0.71119   7.26s  elapsed= 2838.4s  eta= 1150.0s  -> frame_0426
[08:15:14] frame 0427/0599 t=0.71285   7.84s  elapsed= 2846.3s  eta= 1143.8s  -> frame_0427
[08:15:21] frame 0428/0599 t=0.71452   6.19s  elapsed= 2852.4s  eta= 1137.0s  -> frame_0428
[08:15:28] frame 0429/0599 t=0.71619   7.41s  elapsed= 2859.9s  eta= 1130.6s  -> frame_0429
[08:15:35] frame 0430/0599 t=0.71786   7.27s  elapsed= 2867.1s  eta= 1124.2s  -> frame_0430
[08:15:43] frame 0431/0599 t=0.71953   7.96s  elapsed= 2875.1s  eta= 1118.1s  -> frame_0431
[08:15:51] frame 0432/0599 t=0.72120   7.46s  elapsed= 2882.5s  eta= 1111.7s  -> frame_0432
[08:15:59] frame 0433/0599 t=0.72287   7.87s  elapsed= 2890.4s  eta= 1105.6s  -> frame_0433
[08:16:07] frame 0434/0599 t=0.72454   8.20s  elapsed= 2898.6s  eta= 1099.5s  -> frame_0434
[08:16:14] frame 0435/0599 t=0.72621   7.11s  elapsed= 2905.7s  eta= 1093.0s  -> frame_0435
[08:16:21] frame 0436/0599 t=0.72788   7.00s  elapsed= 2912.7s  eta= 1086.4s  -> frame_0436
[08:16:27] frame 0437/0599 t=0.72955   6.54s  elapsed= 2919.3s  eta= 1079.7s  -> frame_0437
[08:16:35] frame 0438/0599 t=0.73122   7.69s  elapsed= 2927.0s  eta= 1073.4s  -> frame_0438
[08:16:42] frame 0439/0599 t=0.73289   7.14s  elapsed= 2934.1s  eta= 1067.0s  -> frame_0439
[08:16:49] frame 0440/0599 t=0.73456   6.69s  elapsed= 2940.8s  eta= 1060.3s  -> frame_0440
[08:16:55] frame 0441/0599 t=0.73623   5.59s  elapsed= 2946.4s  eta= 1053.2s  -> frame_0441
[08:17:01] frame 0442/0599 t=0.73790   6.20s  elapsed= 2952.6s  eta= 1046.4s  -> frame_0442
[08:17:07] frame 0443/0599 t=0.73957   5.81s  elapsed= 2958.4s  eta= 1039.4s  -> frame_0443
[08:17:12] frame 0444/0599 t=0.74124   5.93s  elapsed= 2964.4s  eta= 1032.5s  -> frame_0444
[08:17:18] frame 0445/0599 t=0.74290   5.33s  elapsed= 2969.7s  eta= 1025.4s  -> frame_0445
[08:17:24] frame 0446/0599 t=0.74457   6.54s  elapsed= 2976.2s  eta= 1018.7s  -> frame_0446
[08:17:30] frame 0447/0599 t=0.74624   5.98s  elapsed= 2982.2s  eta= 1011.8s  -> frame_0447
[08:17:36] frame 0448/0599 t=0.74791   5.67s  elapsed= 2987.9s  eta= 1004.8s  -> frame_0448
[08:17:42] frame 0449/0599 t=0.74958   5.84s  elapsed= 2993.7s  eta=  997.9s  -> frame_0449
[08:17:48] frame 0450/0599 t=0.75125   5.83s  elapsed= 2999.5s  eta=  991.0s  -> frame_0450
[08:17:55] frame 0451/0599 t=0.75292   7.11s  elapsed= 3006.7s  eta=  984.5s  -> frame_0451
[08:18:02] frame 0452/0599 t=0.75459   6.73s  elapsed= 3013.4s  eta=  977.9s  -> frame_0452
[08:18:08] frame 0453/0599 t=0.75626   6.80s  elapsed= 3020.2s  eta=  971.3s  -> frame_0453
[08:18:15] frame 0454/0599 t=0.75793   6.26s  elapsed= 3026.5s  eta=  964.5s  -> frame_0454
[08:18:21] frame 0455/0599 t=0.75960   5.95s  elapsed= 3032.4s  eta=  957.6s  -> frame_0455
[08:18:26] frame 0456/0599 t=0.76127   5.66s  elapsed= 3038.1s  eta=  950.6s  -> frame_0456
[08:18:32] frame 0457/0599 t=0.76294   6.19s  elapsed= 3044.3s  eta=  943.9s  -> frame_0457
[08:18:39] frame 0458/0599 t=0.76461   6.84s  elapsed= 3051.1s  eta=  937.3s  -> frame_0458
[08:18:47] frame 0459/0599 t=0.76628   7.91s  elapsed= 3059.0s  eta=  931.0s  -> frame_0459
[08:18:54] frame 0460/0599 t=0.76795   6.94s  elapsed= 3066.0s  eta=  924.4s  -> frame_0460
[08:19:01] frame 0461/0599 t=0.76962   7.09s  elapsed= 3073.1s  eta=  917.9s  -> frame_0461
[08:19:08] frame 0462/0599 t=0.77129   7.28s  elapsed= 3080.3s  eta=  911.5s  -> frame_0462
[08:19:15] frame 0463/0599 t=0.77295   6.64s  elapsed= 3087.0s  eta=  904.8s  -> frame_0463
[08:19:23] frame 0464/0599 t=0.77462   8.14s  elapsed= 3095.1s  eta=  898.6s  -> frame_0464
[08:19:30] frame 0465/0599 t=0.77629   6.56s  elapsed= 3101.7s  eta=  891.9s  -> frame_0465
[08:19:37] frame 0466/0599 t=0.77796   7.29s  elapsed= 3109.0s  eta=  885.4s  -> frame_0466
[08:19:44] frame 0467/0599 t=0.77963   6.91s  elapsed= 3115.9s  eta=  878.8s  -> frame_0467
[08:19:51] frame 0468/0599 t=0.78130   7.11s  elapsed= 3123.0s  eta=  872.3s  -> frame_0468
[08:19:58] frame 0469/0599 t=0.78297   7.31s  elapsed= 3130.3s  eta=  865.8s  -> frame_0469
[08:20:07] frame 0470/0599 t=0.78464   8.90s  elapsed= 3139.2s  eta=  859.8s  -> frame_0470
[08:20:15] frame 0471/0599 t=0.78631   7.58s  elapsed= 3146.8s  eta=  853.4s  -> frame_0471
[08:20:23] frame 0472/0599 t=0.78798   8.45s  elapsed= 3155.3s  eta=  847.2s  -> frame_0472
[08:20:32] frame 0473/0599 t=0.78965   8.94s  elapsed= 3164.2s  eta=  841.1s  -> frame_0473
[08:20:40] frame 0474/0599 t=0.79132   7.49s  elapsed= 3171.7s  eta=  834.7s  -> frame_0474
[08:20:48] frame 0475/0599 t=0.79299   8.15s  elapsed= 3179.8s  eta=  828.4s  -> frame_0475
[08:20:56] frame 0476/0599 t=0.79466   8.05s  elapsed= 3187.9s  eta=  822.0s  -> frame_0476
[08:21:03] frame 0477/0599 t=0.79633   7.26s  elapsed= 3195.2s  eta=  815.5s  -> frame_0477
[08:21:11] frame 0478/0599 t=0.79800   7.36s  elapsed= 3202.5s  eta=  809.0s  -> frame_0478
[08:21:18] frame 0479/0599 t=0.79967   7.27s  elapsed= 3209.8s  eta=  802.4s  -> frame_0479
[08:21:25] frame 0480/0599 t=0.80134   7.19s  elapsed= 3217.0s  eta=  795.9s  -> frame_0480
[08:21:35] frame 0481/0599 t=0.80301   9.44s  elapsed= 3226.4s  eta=  789.9s  -> frame_0481
[08:21:43] frame 0482/0599 t=0.80467   8.26s  elapsed= 3234.7s  eta=  783.6s  -> frame_0482
[08:21:49] frame 0483/0599 t=0.80634   6.67s  elapsed= 3241.3s  eta=  776.9s  -> frame_0483
[08:21:56] frame 0484/0599 t=0.80801   6.95s  elapsed= 3248.3s  eta=  770.2s  -> frame_0484
[08:22:04] frame 0485/0599 t=0.80968   7.31s  elapsed= 3255.6s  eta=  763.7s  -> frame_0485
[08:22:10] frame 0486/0599 t=0.81135   6.51s  elapsed= 3262.1s  eta=  756.9s  -> frame_0486
[08:22:17] frame 0487/0599 t=0.81302   6.83s  elapsed= 3269.0s  eta=  750.3s  -> frame_0487
[08:22:24] frame 0488/0599 t=0.81469   7.27s  elapsed= 3276.2s  eta=  743.7s  -> frame_0488
[08:22:32] frame 0489/0599 t=0.81636   7.77s  elapsed= 3284.0s  eta=  737.2s  -> frame_0489
[08:22:39] frame 0490/0599 t=0.81803   6.84s  elapsed= 3290.8s  eta=  730.6s  -> frame_0490
[08:22:45] frame 0491/0599 t=0.81970   6.39s  elapsed= 3297.2s  eta=  723.8s  -> frame_0491
[08:22:53] frame 0492/0599 t=0.82137   7.42s  elapsed= 3304.6s  eta=  717.2s  -> frame_0492
[08:23:01] frame 0493/0599 t=0.82304   8.70s  elapsed= 3313.4s  eta=  711.0s  -> frame_0493
[08:23:09] frame 0494/0599 t=0.82471   7.41s  elapsed= 3320.8s  eta=  704.4s  -> frame_0494
[08:23:16] frame 0495/0599 t=0.82638   7.11s  elapsed= 3327.9s  eta=  697.8s  -> frame_0495
[08:23:23] frame 0496/0599 t=0.82805   7.43s  elapsed= 3335.3s  eta=  691.2s  -> frame_0496
[08:23:30] frame 0497/0599 t=0.82972   6.61s  elapsed= 3341.9s  eta=  684.5s  -> frame_0497
[08:23:38] frame 0498/0599 t=0.83139   7.95s  elapsed= 3349.9s  eta=  678.0s  -> frame_0498
[08:23:47] frame 0499/0599 t=0.83306   9.46s  elapsed= 3359.3s  eta=  671.9s  -> frame_0499
[08:23:55] frame 0500/0599 t=0.83472   7.23s  elapsed= 3366.6s  eta=  665.3s  -> frame_0500
[08:24:01] frame 0501/0599 t=0.83639   6.72s  elapsed= 3373.3s  eta=  658.5s  -> frame_0501
[08:24:07] frame 0502/0599 t=0.83806   5.88s  elapsed= 3379.2s  eta=  651.7s  -> frame_0502
[08:24:13] frame 0503/0599 t=0.83973   5.36s  elapsed= 3384.5s  eta=  644.7s  -> frame_0503
[08:24:18] frame 0504/0599 t=0.84140   5.59s  elapsed= 3390.1s  eta=  637.7s  -> frame_0504
[08:24:24] frame 0505/0599 t=0.84307   5.60s  elapsed= 3395.7s  eta=  630.8s  -> frame_0505
[08:24:29] frame 0506/0599 t=0.84474   5.56s  elapsed= 3401.3s  eta=  623.9s  -> frame_0506
[08:24:35] frame 0507/0599 t=0.84641   5.57s  elapsed= 3406.9s  eta=  617.0s  -> frame_0507
[08:24:42] frame 0508/0599 t=0.84808   6.69s  elapsed= 3413.6s  eta=  610.3s  -> frame_0508
[08:24:48] frame 0509/0599 t=0.84975   6.02s  elapsed= 3419.6s  eta=  603.5s  -> frame_0509
[08:24:54] frame 0510/0599 t=0.85142   5.96s  elapsed= 3425.5s  eta=  596.6s  -> frame_0510
[08:24:59] frame 0511/0599 t=0.85309   5.79s  elapsed= 3431.3s  eta=  589.8s  -> frame_0511
[08:25:06] frame 0512/0599 t=0.85476   6.17s  elapsed= 3437.5s  eta=  583.0s  -> frame_0512
[08:25:12] frame 0513/0599 t=0.85643   6.10s  elapsed= 3443.6s  eta=  576.2s  -> frame_0513
[08:25:18] frame 0514/0599 t=0.85810   6.13s  elapsed= 3449.8s  eta=  569.4s  -> frame_0514
[08:25:25] frame 0515/0599 t=0.85977   6.62s  elapsed= 3456.4s  eta=  562.7s  -> frame_0515
[08:25:32] frame 0516/0599 t=0.86144   7.47s  elapsed= 3463.8s  eta=  556.1s  -> frame_0516
[08:25:39] frame 0517/0599 t=0.86311   6.95s  elapsed= 3470.8s  eta=  549.4s  -> frame_0517
[08:25:46] frame 0518/0599 t=0.86477   6.73s  elapsed= 3477.5s  eta=  542.7s  -> frame_0518
[08:25:53] frame 0519/0599 t=0.86644   7.35s  elapsed= 3484.9s  eta=  536.1s  -> frame_0519
[08:26:02] frame 0520/0599 t=0.86811   8.60s  elapsed= 3493.5s  eta=  529.7s  -> frame_0520
[08:26:09] frame 0521/0599 t=0.86978   7.18s  elapsed= 3500.7s  eta=  523.1s  -> frame_0521
[08:26:16] frame 0522/0599 t=0.87145   7.17s  elapsed= 3507.8s  eta=  516.5s  -> frame_0522
[08:26:24] frame 0523/0599 t=0.87312   7.54s  elapsed= 3515.4s  eta=  509.9s  -> frame_0523
[08:26:31] frame 0524/0599 t=0.87479   7.54s  elapsed= 3522.9s  eta=  503.3s  -> frame_0524
[08:26:38] frame 0525/0599 t=0.87646   7.33s  elapsed= 3530.3s  eta=  496.7s  -> frame_0525
[08:26:45] frame 0526/0599 t=0.87813   6.72s  elapsed= 3537.0s  eta=  489.9s  -> frame_0526
[08:26:53] frame 0527/0599 t=0.87980   7.65s  elapsed= 3544.6s  eta=  483.4s  -> frame_0527
[08:27:01] frame 0528/0599 t=0.88147   8.55s  elapsed= 3553.2s  eta=  476.9s  -> frame_0528
[08:27:09] frame 0529/0599 t=0.88314   7.80s  elapsed= 3561.0s  eta=  470.3s  -> frame_0529
[08:27:16] frame 0530/0599 t=0.88481   6.96s  elapsed= 3567.9s  eta=  463.6s  -> frame_0530
[08:27:24] frame 0531/0599 t=0.88648   7.54s  elapsed= 3575.5s  eta=  457.0s  -> frame_0531
[08:27:31] frame 0532/0599 t=0.88815   6.92s  elapsed= 3582.4s  eta=  450.3s  -> frame_0532
[08:27:38] frame 0533/0599 t=0.88982   7.22s  elapsed= 3589.6s  eta=  443.7s  -> frame_0533
[08:27:46] frame 0534/0599 t=0.89149   8.00s  elapsed= 3597.6s  eta=  437.1s  -> frame_0534
[08:27:53] frame 0535/0599 t=0.89316   7.72s  elapsed= 3605.3s  eta=  430.5s  -> frame_0535
[08:28:03] frame 0536/0599 t=0.89482   9.46s  elapsed= 3614.8s  eta=  424.1s  -> frame_0536
[08:28:12] frame 0537/0599 t=0.89649   8.95s  elapsed= 3623.8s  eta=  417.6s  -> frame_0537
[08:28:19] frame 0538/0599 t=0.89816   7.41s  elapsed= 3631.2s  eta=  410.9s  -> frame_0538
[08:28:26] frame 0539/0599 t=0.89983   7.15s  elapsed= 3638.3s  eta=  404.3s  -> frame_0539
[08:28:34] frame 0540/0599 t=0.90150   7.45s  elapsed= 3645.8s  eta=  397.6s  -> frame_0540
[08:28:41] frame 0541/0599 t=0.90317   7.47s  elapsed= 3653.3s  eta=  390.9s  -> frame_0541
[08:28:49] frame 0542/0599 t=0.90484   7.67s  elapsed= 3660.9s  eta=  384.3s  -> frame_0542
[08:28:56] frame 0543/0599 t=0.90651   7.19s  elapsed= 3668.1s  eta=  377.6s  -> frame_0543
[08:29:04] frame 0544/0599 t=0.90818   7.68s  elapsed= 3675.8s  eta=  371.0s  -> frame_0544
[08:29:13] frame 0545/0599 t=0.90985   8.57s  elapsed= 3684.4s  eta=  364.4s  -> frame_0545
[08:29:20] frame 0546/0599 t=0.91152   7.13s  elapsed= 3691.5s  eta=  357.7s  -> frame_0546
[08:29:27] frame 0547/0599 t=0.91319   7.20s  elapsed= 3698.7s  eta=  351.0s  -> frame_0547
[08:29:35] frame 0548/0599 t=0.91486   7.73s  elapsed= 3706.4s  eta=  344.3s  -> frame_0548
[08:29:42] frame 0549/0599 t=0.91653   7.25s  elapsed= 3713.7s  eta=  337.6s  -> frame_0549
[08:29:49] frame 0550/0599 t=0.91820   6.76s  elapsed= 3720.5s  eta=  330.9s  -> frame_0550
[08:29:56] frame 0551/0599 t=0.91987   6.94s  elapsed= 3727.4s  eta=  324.1s  -> frame_0551
[08:30:04] frame 0552/0599 t=0.92154   8.28s  elapsed= 3735.7s  eta=  317.5s  -> frame_0552
[08:30:12] frame 0553/0599 t=0.92321   7.98s  elapsed= 3743.7s  eta=  310.8s  -> frame_0553
[08:30:19] frame 0554/0599 t=0.92487   7.65s  elapsed= 3751.3s  eta=  304.2s  -> frame_0554
[08:30:27] frame 0555/0599 t=0.92654   8.03s  elapsed= 3759.3s  eta=  297.5s  -> frame_0555
[08:30:35] frame 0556/0599 t=0.92821   7.77s  elapsed= 3767.1s  eta=  290.8s  -> frame_0556
[08:30:43] frame 0557/0599 t=0.92988   7.51s  elapsed= 3774.6s  eta=  284.1s  -> frame_0557
[08:30:51] frame 0558/0599 t=0.93155   7.83s  elapsed= 3782.5s  eta=  277.4s  -> frame_0558
[08:30:57] frame 0559/0599 t=0.93322   6.67s  elapsed= 3789.1s  eta=  270.7s  -> frame_0559
[08:31:06] frame 0560/0599 t=0.93489   9.14s  elapsed= 3798.3s  eta=  264.1s  -> frame_0560
[08:31:14] frame 0561/0599 t=0.93656   7.83s  elapsed= 3806.1s  eta=  257.4s  -> frame_0561
[08:31:21] frame 0562/0599 t=0.93823   7.01s  elapsed= 3813.1s  eta=  250.6s  -> frame_0562
[08:31:28] frame 0563/0599 t=0.93990   7.16s  elapsed= 3820.3s  eta=  243.8s  -> frame_0563
[08:31:35] frame 0564/0599 t=0.94157   6.25s  elapsed= 3826.5s  eta=  237.0s  -> frame_0564
[08:31:40] frame 0565/0599 t=0.94324   5.59s  elapsed= 3832.1s  eta=  230.2s  -> frame_0565
[08:31:46] frame 0566/0599 t=0.94491   5.50s  elapsed= 3837.6s  eta=  223.4s  -> frame_0566
[08:31:52] frame 0567/0599 t=0.94658   5.79s  elapsed= 3843.4s  eta=  216.5s  -> frame_0567
[08:31:57] frame 0568/0599 t=0.94825   5.82s  elapsed= 3849.2s  eta=  209.7s  -> frame_0568
[08:32:04] frame 0569/0599 t=0.94992   6.15s  elapsed= 3855.4s  eta=  202.9s  -> frame_0569
[08:32:10] frame 0570/0599 t=0.95159   6.27s  elapsed= 3861.7s  eta=  196.1s  -> frame_0570
[08:32:16] frame 0571/0599 t=0.95326   6.43s  elapsed= 3868.1s  eta=  189.3s  -> frame_0571
[08:32:23] frame 0572/0599 t=0.95492   6.37s  elapsed= 3874.5s  eta=  182.6s  -> frame_0572
[08:32:29] frame 0573/0599 t=0.95659   6.22s  elapsed= 3880.7s  eta=  175.8s  -> frame_0573
[08:32:35] frame 0574/0599 t=0.95826   6.20s  elapsed= 3886.9s  eta=  169.0s  -> frame_0574
[08:32:42] frame 0575/0599 t=0.95993   7.30s  elapsed= 3894.2s  eta=  162.3s  -> frame_0575
[08:32:49] frame 0576/0599 t=0.96160   7.11s  elapsed= 3901.3s  eta=  155.5s  -> frame_0576
[08:32:58] frame 0577/0599 t=0.96327   8.47s  elapsed= 3909.8s  eta=  148.8s  -> frame_0577
[08:33:06] frame 0578/0599 t=0.96494   8.09s  elapsed= 3917.9s  eta=  142.1s  -> frame_0578
[08:33:14] frame 0579/0599 t=0.96661   7.64s  elapsed= 3925.5s  eta=  135.4s  -> frame_0579
[08:33:21] frame 0580/0599 t=0.96828   7.30s  elapsed= 3932.8s  eta=  128.6s  -> frame_0580
[08:33:28] frame 0581/0599 t=0.96995   7.50s  elapsed= 3940.3s  eta=  121.9s  -> frame_0581
[08:33:36] frame 0582/0599 t=0.97162   7.71s  elapsed= 3948.0s  eta=  115.1s  -> frame_0582
[08:33:45] frame 0583/0599 t=0.97329   8.38s  elapsed= 3956.4s  eta=  108.4s  -> frame_0583
[08:33:53] frame 0584/0599 t=0.97496   8.39s  elapsed= 3964.8s  eta=  101.7s  -> frame_0584
[08:33:59] frame 0585/0599 t=0.97663   6.42s  elapsed= 3971.2s  eta=   94.9s  -> frame_0585
[08:34:06] frame 0586/0599 t=0.97830   7.07s  elapsed= 3978.3s  eta=   88.1s  -> frame_0586
[08:34:15] frame 0587/0599 t=0.97997   8.34s  elapsed= 3986.6s  eta=   81.4s  -> frame_0587
[08:34:21] frame 0588/0599 t=0.98164   6.64s  elapsed= 3993.3s  eta=   74.6s  -> frame_0588
[08:34:29] frame 0589/0599 t=0.98331   7.33s  elapsed= 4000.6s  eta=   67.8s  -> frame_0589
[08:34:37] frame 0590/0599 t=0.98497   7.99s  elapsed= 4008.6s  eta=   61.0s  -> frame_0590
[08:34:47] frame 0591/0599 t=0.98664   9.99s  elapsed= 4018.6s  eta=   54.3s  -> frame_0591
[08:34:55] frame 0592/0599 t=0.98831   8.49s  elapsed= 4027.1s  eta=   47.5s  -> frame_0592
[08:35:03] frame 0593/0599 t=0.98998   7.96s  elapsed= 4035.1s  eta=   40.8s  -> frame_0593
[08:35:12] frame 0594/0599 t=0.99165   8.56s  elapsed= 4043.6s  eta=   34.0s  -> frame_0594
[08:35:18] frame 0595/0599 t=0.99332   6.65s  elapsed= 4050.3s  eta=   27.2s  -> frame_0595
[08:35:26] frame 0596/0599 t=0.99499   7.51s  elapsed= 4057.8s  eta=   20.4s  -> frame_0596
[08:35:34] frame 0597/0599 t=0.99666   7.84s  elapsed= 4065.6s  eta=   13.6s  -> frame_0597
[08:35:41] frame 0598/0599 t=0.99833   7.55s  elapsed= 4073.2s  eta=    6.8s  -> frame_0598
[08:35:49] frame 0599/0599 t=1.00000   7.82s  elapsed= 4081.0s  eta=    0.0s  -> frame_0599
[08:35:49] DONE 600 frame(s) in 4081.0s (6.80s/frame)
[08:35:49] ==========================================================================
